// Jest Snapshot v1, https://goo.gl/fbAQLP

exports[`demo stack matches the snapshot 1`] = `
Object {
  "Outputs": Object {
    "xwikidemoinstanceoutput": Object {
      "Value": Object {
        "Fn::GetAtt": Array [
          "ec2xwikidemo306438BB",
          "PublicIp",
        ],
      },
    },
  },
  "Parameters": Object {
    "SsmParameterValueawsserviceamiamazonlinuxlatestamzn2amihvmx8664gp2C96584B6F00A464EAD1953AFF4B05118Parameter": Object {
      "Default": "/aws/service/ami-amazon-linux-latest/amzn2-ami-hvm-x86_64-gp2",
      "Type": "AWS::SSM::Parameter::Value<AWS::EC2::Image::Id>",
    },
  },
  "Resources": Object {
    "VPCB9E5F0B4": Object {
      "Properties": Object {
        "CidrBlock": "10.0.0.0/16",
        "EnableDnsHostnames": true,
        "EnableDnsSupport": true,
        "InstanceTenancy": "default",
        "Tags": Array [
          Object {
            "Key": "Name",
            "Value": "xwiki-cdk-demo/VPC",
          },
        ],
      },
      "Type": "AWS::EC2::VPC",
    },
    "VPCIGWB7E252D3": Object {
      "Properties": Object {
        "Tags": Array [
          Object {
            "Key": "Name",
            "Value": "xwiki-cdk-demo/VPC",
          },
        ],
      },
      "Type": "AWS::EC2::InternetGateway",
    },
    "VPCVPCGW99B986DC": Object {
      "Properties": Object {
        "InternetGatewayId": Object {
          "Ref": "VPCIGWB7E252D3",
        },
        "VpcId": Object {
          "Ref": "VPCB9E5F0B4",
        },
      },
      "Type": "AWS::EC2::VPCGatewayAttachment",
    },
    "VPCpublicSubnet1DefaultRoute19059ECD": Object {
      "DependsOn": Array [
        "VPCVPCGW99B986DC",
      ],
      "Properties": Object {
        "DestinationCidrBlock": "0.0.0.0/0",
        "GatewayId": Object {
          "Ref": "VPCIGWB7E252D3",
        },
        "RouteTableId": Object {
          "Ref": "VPCpublicSubnet1RouteTableF591E248",
        },
      },
      "Type": "AWS::EC2::Route",
    },
    "VPCpublicSubnet1RouteTableAssociationBFFA43B7": Object {
      "Properties": Object {
        "RouteTableId": Object {
          "Ref": "VPCpublicSubnet1RouteTableF591E248",
        },
        "SubnetId": Object {
          "Ref": "VPCpublicSubnet1Subnet325F50B2",
        },
      },
      "Type": "AWS::EC2::SubnetRouteTableAssociation",
    },
    "VPCpublicSubnet1RouteTableF591E248": Object {
      "Properties": Object {
        "Tags": Array [
          Object {
            "Key": "Name",
            "Value": "xwiki-cdk-demo/VPC/publicSubnet1",
          },
        ],
        "VpcId": Object {
          "Ref": "VPCB9E5F0B4",
        },
      },
      "Type": "AWS::EC2::RouteTable",
    },
    "VPCpublicSubnet1Subnet325F50B2": Object {
      "Properties": Object {
        "AvailabilityZone": "dummy1a",
        "CidrBlock": "10.0.0.0/27",
        "MapPublicIpOnLaunch": true,
        "Tags": Array [
          Object {
            "Key": "aws-cdk:subnet-name",
            "Value": "public",
          },
          Object {
            "Key": "aws-cdk:subnet-type",
            "Value": "Public",
          },
          Object {
            "Key": "Name",
            "Value": "xwiki-cdk-demo/VPC/publicSubnet1",
          },
        ],
        "VpcId": Object {
          "Ref": "VPCB9E5F0B4",
        },
      },
      "Type": "AWS::EC2::Subnet",
    },
    "VPCpublicSubnet2DefaultRoute9ED4D6BC": Object {
      "DependsOn": Array [
        "VPCVPCGW99B986DC",
      ],
      "Properties": Object {
        "DestinationCidrBlock": "0.0.0.0/0",
        "GatewayId": Object {
          "Ref": "VPCIGWB7E252D3",
        },
        "RouteTableId": Object {
          "Ref": "VPCpublicSubnet2RouteTable55DAB1BB",
        },
      },
      "Type": "AWS::EC2::Route",
    },
    "VPCpublicSubnet2RouteTable55DAB1BB": Object {
      "Properties": Object {
        "Tags": Array [
          Object {
            "Key": "Name",
            "Value": "xwiki-cdk-demo/VPC/publicSubnet2",
          },
        ],
        "VpcId": Object {
          "Ref": "VPCB9E5F0B4",
        },
      },
      "Type": "AWS::EC2::RouteTable",
    },
    "VPCpublicSubnet2RouteTableAssociation0849466B": Object {
      "Properties": Object {
        "RouteTableId": Object {
          "Ref": "VPCpublicSubnet2RouteTable55DAB1BB",
        },
        "SubnetId": Object {
          "Ref": "VPCpublicSubnet2Subnet2B2DFF71",
        },
      },
      "Type": "AWS::EC2::SubnetRouteTableAssociation",
    },
    "VPCpublicSubnet2Subnet2B2DFF71": Object {
      "Properties": Object {
        "AvailabilityZone": "dummy1b",
        "CidrBlock": "10.0.0.32/27",
        "MapPublicIpOnLaunch": true,
        "Tags": Array [
          Object {
            "Key": "aws-cdk:subnet-name",
            "Value": "public",
          },
          Object {
            "Key": "aws-cdk:subnet-type",
            "Value": "Public",
          },
          Object {
            "Key": "Name",
            "Value": "xwiki-cdk-demo/VPC/publicSubnet2",
          },
        ],
        "VpcId": Object {
          "Ref": "VPCB9E5F0B4",
        },
      },
      "Type": "AWS::EC2::Subnet",
    },
    "ec2xwikidemo306438BB": Object {
      "DependsOn": Array [
        "ec2xwikidemoinstancerole055D20F8",
      ],
      "Properties": Object {
        "AvailabilityZone": "dummy1a",
        "IamInstanceProfile": Object {
          "Ref": "ec2xwikidemoInstanceProfile392DA0E1",
        },
        "ImageId": Object {
          "Ref": "SsmParameterValueawsserviceamiamazonlinuxlatestamzn2amihvmx8664gp2C96584B6F00A464EAD1953AFF4B05118Parameter",
        },
        "InstanceType": "t2.medium",
        "KeyName": "test",
        "SecurityGroupIds": Array [
          Object {
            "Fn::GetAtt": Array [
              "ec2xwikidemosg468A4481",
              "GroupId",
            ],
          },
        ],
        "SubnetId": Object {
          "Ref": "VPCpublicSubnet1Subnet325F50B2",
        },
        "Tags": Array [
          Object {
            "Key": "Name",
            "Value": "ec2-xwiki-demo",
          },
        ],
        "UserData": Object {
          "Fn::Base64": "#!/bin/bash
#! /bin/bash
# become root user

sudo yum -q -y install java-1.8.0-openjdk
sudo yum -q -y install unzip
mkdir xwikihome
wget -q -O xwiki_packer.zip https://nexus.xwiki.org/nexus/content/groups/public/org/xwiki/platform/xwiki-platform-distribution-flavor-jetty-hsqldb/13.1/xwiki-platform-distribution-flavor-jetty-hsqldb-13.1.zip
unzip -q xwiki_packer.zip -d /home/ec2-user/xwikihome



",
        },
      },
      "Type": "AWS::EC2::Instance",
    },
    "ec2xwikidemoInstanceProfile392DA0E1": Object {
      "Properties": Object {
        "Roles": Array [
          Object {
            "Ref": "ec2xwikidemoinstancerole055D20F8",
          },
        ],
      },
      "Type": "AWS::IAM::InstanceProfile",
    },
    "ec2xwikidemoinstancerole055D20F8": Object {
      "Properties": Object {
        "AssumeRolePolicyDocument": Object {
          "Statement": Array [
            Object {
              "Action": "sts:AssumeRole",
              "Effect": "Allow",
              "Principal": Object {
                "Service": "ec2.amazonaws.com",
              },
            },
          ],
          "Version": "2012-10-17",
        },
      },
      "Type": "AWS::IAM::Role",
    },
    "ec2xwikidemosg468A4481": Object {
      "Properties": Object {
        "GroupDescription": "xwiki-cdk-demo/ec2-xwiki-demo-sg",
        "GroupName": "ec2-xwiki-demo-sg",
        "SecurityGroupEgress": Array [
          Object {
            "CidrIp": "0.0.0.0/0",
            "Description": "Allow all outbound traffic by default",
            "IpProtocol": "-1",
          },
        ],
        "SecurityGroupIngress": Array [
          Object {
            "CidrIp": "0.0.0.0/0",
            "Description": "Allows SSH access from Internet",
            "FromPort": 22,
            "IpProtocol": "tcp",
            "ToPort": 22,
          },
          Object {
            "CidrIp": "0.0.0.0/0",
            "Description": "Allows HTTP access from Internet",
            "FromPort": 80,
            "IpProtocol": "tcp",
            "ToPort": 80,
          },
          Object {
            "CidrIp": "0.0.0.0/0",
            "Description": "Allows HTTPS access from Internet",
            "FromPort": 443,
            "IpProtocol": "tcp",
            "ToPort": 443,
          },
          Object {
            "CidrIpv6": "::/0",
            "Description": "Allows port 8080 on Ipv6",
            "FromPort": 8080,
            "IpProtocol": "tcp",
            "ToPort": 8080,
          },
          Object {
            "CidrIp": "0.0.0.0/0",
            "Description": "Allows port 8080 on Ipv4",
            "FromPort": 8080,
            "IpProtocol": "tcp",
            "ToPort": 8080,
          },
        ],
        "VpcId": Object {
          "Ref": "VPCB9E5F0B4",
        },
      },
      "Type": "AWS::EC2::SecurityGroup",
    },
  },
}
`;
